// Jest Snapshot v1, https://goo.gl/fbAQLP

exports[`should render AddExpensePage correctly 1`] = `
<div
  className="container-fluid  px-0"
>
  <div
    className="container-fluid d-flex justify-content-center p-4 summary"
  >
    <p
      className="p-0 m-0 text-center"
    >
      Create New Expense
    </p>
    <br />
  </div>
  <ExpenseForm
    create={true}
    onSubmit={[Function]}
  />
</div>
`;
