// Jest Snapshot v1, https://goo.gl/fbAQLP

exports[`should render EditExpensePage correctly 1`] = `
<div
  className="container-fluid px-0"
>
  <div
    className="container-fluid d-flex justify-content-center p-4 summary"
  >
    <p
      className="p-0 m-0 text-center"
    >
      Edit Expense
    </p>
    <br />
  </div>
  <ExpenseForm
    create={false}
    expense={
      Object {
        "amount": 10095,
        "createdAt": 0,
        "description": "Car",
        "id": "2",
        "note": "",
      }
    }
    onSubmit={[Function]}
  />
  <div
    className="container-fluid col-10 offset-1"
  >
    <button
      className="btn ml-0 btn-danger mt-2 ml-2 btn-edit"
      onClick={[Function]}
    >
      Delete Expense
    </button>
  </div>
</div>
`;
