// Jest Snapshot v1, https://goo.gl/fbAQLP

exports[`should render ExpenseListItem with expenses 1`] = `
<li
  className="list-group-item mb-1 d-flex rounded expense-list-item"
>
  <span
    className="mr-3"
  >
    <Link
      replace={false}
      to="/edit/1"
    >
      Gum
    </Link>
  </span>
  <span
    className="mr-3 text-success "
  >
    $1.95
  </span>
  <span
    className="mr-3"
  >
    31-12-1969
    <i
      className="fa fa-calendar ml-1"
    />
  </span>
</li>
`;
