// Jest Snapshot v1, https://goo.gl/fbAQLP

exports[`should render ExpenseList with expenses 1`] = `
<div
  className="container-fluid expenses"
>
  <ul
    className="list-group my-2 py-2"
  >
    <Connect(ExpenseListItem)
      amount={195}
      createdAt={0}
      description="Gum"
      id="1"
      key="1"
      note=""
    />
    <Connect(ExpenseListItem)
      amount={10095}
      createdAt={0}
      description="Car"
      id="2"
      key="2"
      note=""
    />
    <Connect(ExpenseListItem)
      amount={2323}
      createdAt={0}
      description="Card"
      id="3"
      key="3"
      note=""
    />
  </ul>
</div>
`;
