// Jest Snapshot v1, https://goo.gl/fbAQLP

exports[`should render ExpenseList with expenses 1`] = `
<div
  className="container-fluid col-10 offset-1"
>
  <ul
    className="list-group mb-2 pb-0 d-flex align-items-center"
  >
    <li
      className="list-group-item rounded expense-list-header"
    >
      <span
        className="mr-3"
      >
        Expense
      </span>
      <span
        className="mr-3"
      >
        Amount
      </span>
      <span
        className="mr-3"
      >
        Date
      </span>
    </li>
    <Connect(ExpenseListItem)
      amount={195}
      createdAt={0}
      description="Gum"
      id="1"
      key="1"
      note=""
    />
    <Connect(ExpenseListItem)
      amount={10095}
      createdAt={0}
      description="Car"
      id="2"
      key="2"
      note=""
    />
    <Connect(ExpenseListItem)
      amount={2323}
      createdAt={0}
      description="Card"
      id="3"
      key="3"
      note=""
    />
  </ul>
</div>
`;
