// Jest Snapshot v1, https://goo.gl/fbAQLP

exports[`should render Login Page correctly 1`] = `
<div
  className="login-box d-flex align-items-center"
>
  <div
    className="login-box__box mx-auto bg-dark pb-3 col-4 rounded"
  >
    <form
      className="form-signin"
    >
      <h1
        className="login-box__title text-center"
      >
        X
        <span
          className="text-light"
        >
          pensify
        </span>
      </h1>
      <p
        className="lead text-center text-secondary"
      >
        It's time to get your expenses in check.
      </p>
      <button
        className="btn btn-lg btn-block col-6 offset-3 btn-login btn-primary my-4"
        type="submit"
      >
        Sign in with 
        <i
          className="fa fa-google text-danger"
        />
      </button>
    </form>
  </div>
</div>
`;
