// Jest Snapshot v1, https://goo.gl/fbAQLP

exports[`should render Login Page correctly 1`] = `
<div
  className="login-box d-flex align-items-center"
>
  <div
    className="login-box__box mx-auto bg-dark pb-3 col-4 rounded"
  >
    <h1
      className="login-box__title text-center pb-1 my-3"
    >
      X
      <span
        className="text-light"
      >
        pensify
      </span>
    </h1>
    <p
      className="lead text-center text-secondary"
    >
      It's time to get your expenses in check.
    </p>
    <button
      className=" mx-auto text-center btn btn-lg btn-block col-8 offset-2 btn-login btn-primary mb-1 mt-4"
      type="submit"
    >
      Sign in with 
      <i
        className="fa fa-google text-danger"
      >
         
      </i>
       
    </button>
  </div>
</div>
`;
